// Jest Snapshot v1, https://goo.gl/fbAQLP

exports[`Home/events/images Default smoke-test 1`] = `
<div class="images_image__dY6kn">
  <img src="/static/images/events/openjs-world-2023/teams.jpeg"
       alt="Event illustration image"
  >
</div>
`;
