// Jest Snapshot v1, https://goo.gl/fbAQLP

exports[`Common/SearchBar Default smoke-test 1`] = `
<div class="SearchBar_searchBarContainer__Bo5vz"
     style="width: 0px; height: 3em;"
>
  <div class="SearchBar_searchInputContainer__Imb5N"
       role="presentation"
  >
    <svg stroke="currentColor"
         fill="currentColor"
         stroke-width="0"
         viewbox="0 0 24 24"
         class="SearchBar_searchIcon__nTZMm"
         height="1em"
         width="1em"
         xmlns="http://www.w3.org/2000/svg"
    >
      <path fill="none"
            d="M0 0h24v24H0z"
      >
      </path>
      <path d="M19.3 16.9c.4-.7.7-1.5.7-2.4 0-2.5-2-4.5-4.5-4.5S11 12 11 14.5s2 4.5 4.5 4.5c.9 0 1.7-.3 2.4-.7l3.2 3.2 1.4-1.4-3.2-3.2zm-3.8.1c-1.4 0-2.5-1.1-2.5-2.5s1.1-2.5 2.5-2.5 2.5 1.1 2.5 2.5-1.1 2.5-2.5 2.5zM12 20v2C6.48 22 2 17.52 2 12S6.48 2 12 2c4.84 0 8.87 3.44 9.8 8h-2.07A8 8 0 0015 4.59V5c0 1.1-.9 2-2 2h-2v2c0 .55-.45 1-1 1H8v2h2v3H9l-4.79-4.79C4.08 10.79 4 11.38 4 12c0 4.41 3.59 8 8 8z">
      </path>
    </svg>
    <label class="SearchBar_searchLabel__d_ELb"
           for="searchInput"
    >
      <span>
        Search
      </span>
      <input autocomplete="off"
             class="SearchBar_searchInput__YjZjD"
             id="searchInput"
             name="query"
             type="text"
             value
      >
    </label>
  </div>
</div>
`;
