// Jest Snapshot v1, https://goo.gl/fbAQLP

exports[`Api/SourceLink Default smoke-test 1`] = `
<p class="SourceLink_sourceLinkComponent__1vzdY">
  Source Code:
  <a href="https://github.com/nodejs/node/blob/1.0.0/http://nodejs.org/version/1.0.0">
    http://nodejs.org/version/1.0.0
  </a>
</p>
`;
