// Jest Snapshot v1, https://goo.gl/fbAQLP

exports[`Common/SectionTitle Default smoke-test 1`] = `
<div class="SectionTitle_sectionTitle__mNok7">
  home / previous /
  <span class="SectionTitle_active__XRLOn">
    current
  </span>
</div>
`;
