// Jest Snapshot v1, https://goo.gl/fbAQLP

exports[`Common/Dropdown Default smoke-test 1`] = `
<ul class="Dropdown_dropdownList__hrw_7"
    style="display: block;"
>
  <li>
    <button type="button"
            style="font-weight: normal;"
    >
      Item 1
    </button>
  </li>
  <li>
    <button type="button"
            style="font-weight: normal;"
    >
      Item 2
    </button>
  </li>
  <li>
    <button type="button"
            style="font-weight: bold;"
    >
      Item 3
    </button>
  </li>
  <li>
    <button type="button"
            style="font-weight: normal;"
    >
      Item 4
    </button>
  </li>
  <li>
    <button type="button"
            style="font-weight: normal;"
    >
      Item 5
    </button>
  </li>
  <li>
    <button type="button"
            style="font-weight: normal;"
    >
      Item 6
    </button>
  </li>
  <li>
    <button type="button"
            style="font-weight: normal;"
    >
      Item 7
    </button>
  </li>
  <li>
    <button type="button"
            style="font-weight: normal;"
    >
      Item 8
    </button>
  </li>
  <li>
    <button type="button"
            style="font-weight: normal;"
    >
      Item 9
    </button>
  </li>
  <li>
    <button type="button"
            style="font-weight: normal;"
    >
      Item 10
    </button>
  </li>
</ul>
`;
