// Jest Snapshot v1, https://goo.gl/fbAQLP

exports[`Article/InlineCode Default smoke-test 1`] = `
<code class="InlineCode_code__xQaT5">
  <code>
    const a = 1;
  </code>
</code>
`;
