// Jest Snapshot v1, https://goo.gl/fbAQLP

exports[`Codebox component (multiple langs) switch between languages 1`] = `
<div>
  <pre
    class="pre language-js|language-mjs"
  >
    <div
      class="top"
    >
      <div
        class="langBox"
      >
        <button
          class="lang selected"
          type="button"
        >
          cjs
        </button>
        <button
          class="lang"
          type="button"
        >
          mjs
        </button>
      </div>
      <button
        class="copy"
        type="button"
      >
        components.codeBox.copy
      </button>
    </div>
    <div
      class="content"
    >
      <span
        class="token keyword"
      >
        const
      </span>
       http 
      <span
        class="token operator"
      >
        =
      </span>
       
      <span
        class="token function"
      >
        require
      </span>
      <span
        class="token punctuation"
      >
        (
      </span>
      <span
        class="token string"
      >
        'http'
      </span>
      <span
        class="token punctuation"
      >
        )
      </span>
      <span
        class="token punctuation"
      >
        ;
      </span>
      

    </div>
  </pre>
</div>
`;

exports[`Codebox component (multiple langs) switch between languages 2`] = `
<div>
  <pre
    class="pre language-js|language-mjs"
  >
    <div
      class="top"
    >
      <div
        class="langBox"
      >
        <button
          class="lang"
          type="button"
        >
          cjs
        </button>
        <button
          class="lang selected"
          type="button"
        >
          mjs
        </button>
      </div>
      <button
        class="copy"
        type="button"
      >
        components.codeBox.copy
      </button>
    </div>
    <div
      class="content"
    >
      <span
        class="token keyword"
      >
        import
      </span>
       http 
      <span
        class="token keyword"
      >
        from
      </span>
       
      <span
        class="token string"
      >
        'http'
      </span>
      <span
        class="token punctuation"
      >
        ;
      </span>
    </div>
  </pre>
</div>
`;
